<html>
<body>
<pre>
<h1>µVision Build Log</h1>
<h2>Tool Versions:</h2>
IDE-Version: ¦ÌVision V5.38.0.0
Copyright (C) 2022 ARM Ltd and ARM Germany GmbH. All rights reserved.
License Information: 123 zjjhgzh@gmail.com, 123, LIC=LSNXV-PQXM2-12YLE-51E2V-X0RQE-DINHD
 
Tool Versions:
Toolchain:       MDK-ARM Plus  Version: 5.38.0.0
Toolchain Path:  C:\Keil_v5\ARM\ARMCLANG\Bin
C Compiler:      ArmClang.exe V6.19
Assembler:       Armasm.exe V6.19
Linker/Locator:  ArmLink.exe V6.19
Library Manager: ArmAr.exe V6.19
Hex Converter:   FromElf.exe V6.19
CPU DLL:         SARMCM3.DLL V5.38.0.0
Dialog DLL:      DCM.DLL V1.17.5.0
Target DLL:      Segger\JL2CM3.dll V2.99.42.0
Dialog DLL:      TCM.DLL V1.56.4.0
 
<h2>Project:</h2>
C:\Users\zjjhg\Desktop\AT32F403A_LGVL_9_Keil\MDK-ARM\template.uvprojx
Project File Date:  06/28/2024

<h2>Output:</h2>
*** Using Compiler 'V6.19', folder: 'C:\Keil_v5\ARM\ARMCLANG\Bin'
Build target 'Target 1'
compiling lv_port_disp_template.c...
linking...
Program Size: Code=206152 RO-data=48172 RW-data=116 ZI-data=182356  
FromELF: creating hex file...
".\Objects\template.axf" - 0 Error(s), 0 Warning(s).

<h2>Software Packages used:</h2>

Package Vendor: ArteryTek
                
                ArteryTek.AT32F403A_407_DFP.2.1.9
                ArteryTek AT32F403A_407 Series Device Support,Drivers

Package Vendor: LVGL
                https://raw.githubusercontent.com/lvgl/lvgl/master/env_support/cmsis-pack/LVGL.lvgl.9.1.1-dev2.pack
                LVGL.lvgl.9.1.1-dev2
                LVGL (Light and Versatile Graphics Library) is a free and open-source graphics library providing everything you need to create an embedded GUI with easy-to-use graphical elements, beautiful visual effects and a low memory footprint.
   * Component: Assets Version: 9.1.0
   * Component: Benchmark Version: 9.1.0
   * Component: Widgets Version: 9.1.0
   * Component: Essential Version: 9.1.0
   * Component: Display Variant: Generic Version: 9.1.0
   * Component: File System Variant: Generic Version: 9.1.0

<h2>Collection of Component include folders:</h2>
  ./RTE/LVGL
  ./RTE/_Target_1
  C:/Users/zjjhg/AppData/Local/Arm/Packs/ArteryTek/AT32F403A_407_DFP/2.1.9/Device/Include
  C:/Users/zjjhg/AppData/Local/Arm/Packs/LVGL/lvgl/9.1.1-dev2
  C:/Users/zjjhg/AppData/Local/Arm/Packs/LVGL/lvgl/9.1.1-dev2/src/core

<h2>Collection of Component Files used:</h2>

   * Component: LVGL.LVGL9::LVGL:Demos:Assets:9.1.0
      Source file:   demos/multilang/assets/avatars/img_multilang_avatar_3.c
      Source file:   demos/benchmark/assets/img_benchmark_cogwheel_argb.c
      Source file:   demos/multilang/assets/avatars/img_multilang_avatar_1.c
      Source file:   demos/multilang/assets/avatars/img_multilang_avatar_7.c
      Source file:   demos/multilang/assets/avatars/img_multilang_avatar_10.c
      Source file:   demos/multilang/assets/avatars/img_multilang_avatar_12.c
      Source file:   demos/multilang/assets/avatars/img_multilang_avatar_13.c
      Source file:   demos/benchmark/assets/lv_font_benchmark_montserrat_16_compr_az.c.c
      Source file:   demos/multilang/assets/img_multilang_like.c
      Source file:   demos/benchmark/assets/img_benchmark_cogwheel_alpha256.c
      Source file:   demos/multilang/assets/avatars/img_multilang_avatar_5.c
      Source file:   demos/multilang/assets/avatars/img_multilang_avatar_6.c
      Source file:   demos/multilang/assets/avatars/img_multilang_avatar_9.c
      Source file:   demos/multilang/assets/avatars/img_multilang_avatar_14.c
      Source file:   demos/multilang/assets/avatars/img_multilang_avatar_15.c
      Source file:   demos/multilang/assets/avatars/img_multilang_avatar_16.c
      Source file:   demos/multilang/assets/avatars/img_multilang_avatar_8.c
      Source file:   demos/benchmark/assets/lv_font_benchmark_montserrat_12_compr_az.c.c
      Source file:   demos/benchmark/assets/lv_font_benchmark_montserrat_28_compr_az.c.c
      Source file:   demos/multilang/assets/avatars/img_multilang_avatar_2.c
      Source file:   demos/multilang/assets/avatars/img_multilang_avatar_4.c
      Source file:   demos/multilang/assets/avatars/img_multilang_avatar_11.c
      Source file:   demos/benchmark/assets/img_benchmark_cogwheel_indexed16.c
      Source file:   demos/benchmark/assets/img_benchmark_cogwheel_rgb.c
      Source file:   demos/multilang/assets/fonts/font_multilang_large.c
      Source file:   demos/music/assets/img_lv_demo_music_wave_top_large.c
      Source file:   demos/music/assets/img_lv_demo_music_wave_bottom_large.c
      Source file:   demos/music/assets/img_lv_demo_music_logo.c
      Source file:   demos/multilang/assets/emojis/img_emoji_cat_face.c
      Source file:   demos/multilang/assets/avatars/img_multilang_avatar_19.c
      Source file:   demos/music/assets/img_lv_demo_music_slider_knob_large.c
      Source file:   demos/multilang/assets/avatars/img_multilang_avatar_22.c
      Source file:   demos/multilang/assets/avatars/img_multilang_avatar_25.c
      Source file:   demos/multilang/assets/emojis/img_emoji_artist_palette.c
      Source file:   demos/multilang/assets/emojis/img_emoji_books.c
      Source file:   demos/multilang/assets/emojis/img_emoji_earth_globe_europe_africa.c
      Source file:   demos/music/assets/img_lv_demo_music_wave_top.c
      Source file:   demos/multilang/assets/emojis/img_emoji_deciduous_tree.c
      Source file:   demos/multilang/assets/emojis/img_emoji_camera_with_flash.c
      Source file:   demos/music/assets/img_lv_demo_music_slider_knob.c
      Source file:   demos/music/assets/img_lv_demo_music_list_border_large.c
      Source file:   demos/multilang/assets/emojis/img_emoji_red_heart.c
      Source file:   demos/music/assets/img_lv_demo_music_list_border.c
      Source file:   demos/music/assets/img_lv_demo_music_icon_4.c
      Source file:   demos/multilang/assets/fonts/font_multilang_small.c
      Source file:   demos/multilang/assets/emojis/img_emoji_flexed_biceps.c
      Source file:   demos/multilang/assets/emojis/img_emoji_soccer_ball.c
      Source file:   demos/multilang/assets/emojis/img_emoji_rocket.c
      Source file:   demos/multilang/assets/emojis/img_emoji_dog_face.c
      Source file:   demos/music/assets/img_lv_demo_music_icon_3_large.c
      Source file:   demos/multilang/assets/avatars/img_multilang_avatar_18.c
      Source file:   demos/music/assets/img_lv_demo_music_wave_bottom.c
      Source file:   demos/music/assets/img_lv_demo_music_icon_3.c
      Source file:   demos/music/assets/img_lv_demo_music_icon_4_large.c
      Source file:   demos/multilang/assets/avatars/img_multilang_avatar_17.c
      Source file:   demos/multilang/assets/emojis/img_emoji_movie_camera.c
      Source file:   demos/music/assets/img_lv_demo_music_corner_left_large.c
      Source file:   demos/music/assets/img_lv_demo_music_btn_list_pause.c
      Source file:   demos/music/assets/img_lv_demo_music_btn_play.c
      Source file:   demos/music/assets/img_lv_demo_music_btn_corner_large.c
      Source file:   demos/music/assets/img_lv_demo_music_corner_right_large.c
      Source file:   demos/music/assets/img_lv_demo_music_btn_rnd_large.c
      Source file:   demos/widgets/assets/img_clothes.c
      Source file:   demos/music/assets/img_lv_demo_music_cover_1.c
      Source file:   demos/music/assets/img_lv_demo_music_icon_1_large.c
      Source file:   demos/music/assets/img_lv_demo_music_btn_prev.c
      Source file:   demos/music/assets/img_lv_demo_music_cover_3.c
      Source file:   demos/music/assets/img_lv_demo_music_cover_2_large.c
      Source file:   demos/music/assets/img_lv_demo_music_btn_rnd.c
      Source file:   demos/music/assets/img_lv_demo_music_icon_2.c
      Source file:   demos/music/assets/img_lv_demo_music_btn_next.c
      Source file:   demos/music/assets/img_lv_demo_music_corner_right.c
      Source file:   demos/music/assets/img_lv_demo_music_icon_2_large.c
      Source file:   demos/music/assets/img_lv_demo_music_cover_2.c
      Source file:   demos/music/assets/img_lv_demo_music_corner_left.c
      Source file:   demos/music/assets/img_lv_demo_music_btn_prev_large.c
      Source file:   demos/music/assets/img_lv_demo_music_cover_3_large.c
      Source file:   demos/music/assets/img_lv_demo_music_icon_1.c
      Source file:   demos/music/assets/img_lv_demo_music_btn_pause.c
      Source file:   demos/music/assets/img_lv_demo_music_btn_next_large.c
      Source file:   demos/music/assets/img_lv_demo_music_btn_loop_large.c
      Source file:   demos/music/assets/img_lv_demo_music_btn_loop.c
      Source file:   demos/music/assets/img_lv_demo_music_btn_list_play_large.c
      Source file:   demos/music/assets/img_lv_demo_music_btn_play_large.c
      Source file:   demos/music/assets/img_lv_demo_music_btn_pause_large.c
      Source file:   demos/music/assets/img_lv_demo_music_btn_list_play.c
      Source file:   demos/music/assets/img_lv_demo_music_btn_list_pause_large.c
      Source file:   demos/music/assets/img_lv_demo_music_cover_1_large.c
      Source file:   demos/widgets/assets/img_lvgl_logo.c
      Source file:   demos/transform/assets/img_transform_avatar_15.c
      Source file:   demos/vector_graphic/assets/img_demo_vector_avatar.c
      Source file:   demos/render/assets/img_render_arc_bg.c
      Source file:   demos/render/assets/img_render_lvgl_logo_rgb565.c
      Source file:   demos/render/assets/img_render_lvgl_logo_rgb888.c
      Source file:   demos/widgets/assets/img_demo_widgets_avatar.c
      Source file:   demos/render/assets/img_render_lvgl_logo_l8.c
      Source file:   demos/render/assets/img_render_lvgl_logo_xrgb8888.c
      Source file:   demos/widgets/assets/img_demo_widgets_needle.c
      Source file:   demos/render/assets/img_render_lvgl_logo_argb8888.c

   * Component: LVGL.LVGL9::LVGL:Demos:Benchmark:9.1.0
      Source file:   demos/benchmark/lv_demo_benchmark.c

   * Component: LVGL.LVGL9::LVGL:Demos:Widgets:9.1.0
      Source file:   demos/widgets/lv_demo_widgets.c

   * Component: LVGL.LVGL9::LVGL:Essential:9.1.0
      Source file:   src/lv_init.c
      Source file:   src/drivers/libinput/lv_xkb.c
      Source file:   src/drivers/evdev/lv_evdev.c
      Source file:   src/core/lv_obj_pos.c
      Include file:  src/core/lv_global.h
      Source file:   src/drivers/nuttx/lv_nuttx_fbdev.c
      Source file:   src/drivers/nuttx/lv_nuttx_lcd.c
      Source file:   src/drivers/nuttx/lv_nuttx_libuv.c
      Source file:   src/core/lv_obj_id_builtin.c
      Source file:   src/drivers/nuttx/lv_nuttx_entry.c
      Source file:   src/core/lv_obj_tree.c
      Source file:   src/core/lv_refr.c
      Source file:   src/drivers/display/lcd/lv_lcd_generic_mipi.c
      Source file:   src/drivers/nuttx/lv_nuttx_cache.c
      Source file:   src/core/lv_obj_draw.c
      Source file:   src/drivers/nuttx/lv_nuttx_image_cache.c
      Source file:   src/core/lv_obj_property.c
      Source file:   src/core/lv_obj.c
      Source file:   src/drivers/sdl/lv_sdl_keyboard.c
      Source file:   src/core/lv_obj_style_gen.c
      Source file:   src/drivers/nuttx/lv_nuttx_touchscreen.c
      Source file:   src/drivers/sdl/lv_sdl_window.c
      Source file:   src/core/lv_obj_event.c
      Source file:   src/drivers/x11/lv_x11_display.c
      Source file:   src/core/lv_group.c
      Source file:   src/drivers/sdl/lv_sdl_mouse.c
      Source file:   src/drivers/x11/lv_x11_input.c
      Source file:   src/drivers/libinput/lv_libinput.c
      Source file:   src/display/lv_display.c
      Source file:   src/drivers/sdl/lv_sdl_mousewheel.c
      Source file:   src/core/lv_obj_class.c
      Source file:   src/core/lv_obj_scroll.c
      Source file:   src/core/lv_obj_style.c
      Source file:   src/draw/lv_draw_mask.c
      Source file:   src/draw/sw/lv_draw_sw_border.c
      Source file:   src/draw/sw/lv_draw_sw_box_shadow.c
      Source file:   src/draw/sw/lv_draw_sw_gradient.c
      Source file:   src/draw/sw/lv_draw_sw_letter.c
      Source file:   src/draw/lv_draw_line.c
      Source file:   src/draw/sw/lv_draw_sw_arc.c
      Source file:   src/draw/lv_draw_image.c
      Source file:   src/draw/sw/lv_draw_sw_line.c
      Source file:   src/draw/lv_draw_rect.c
      Source file:   src/draw/sw/lv_draw_sw_mask.c
      Source file:   src/draw/sw/lv_draw_sw_fill.c
      Source file:   src/draw/sw/lv_draw_sw_mask_rect.c
      Source file:   src/draw/sw/lv_draw_sw.c
      Source file:   src/draw/sw/lv_draw_sw_transform.c
      Source file:   src/draw/sw/lv_draw_sw_triangle.c
      Source file:   src/draw/sw/lv_draw_sw_vector.c
      Source file:   src/draw/sw/blend/lv_draw_sw_blend.c
      Source file:   src/draw/sw/blend/lv_draw_sw_blend_to_argb8888.c
      Source file:   src/draw/sw/blend/lv_draw_sw_blend_to_al88.c
      Source file:   src/draw/sw/blend/lv_draw_sw_blend_to_rgb565.c
      Source file:   src/draw/lv_draw_buf.c
      Source file:   src/draw/lv_draw_label.c
      Source file:   src/draw/lv_draw_vector.c
      Source file:   src/draw/sw/blend/lv_draw_sw_blend_to_rgb888.c
      Source file:   src/draw/sw/blend/lv_draw_sw_blend_to_l8.c
      Source file:   src/draw/sw/lv_draw_sw_img.c
      Source file:   src/draw/lv_draw.c
      Source file:   src/draw/lv_draw_arc.c
      Source file:   src/draw/lv_draw_triangle.c
      Source file:   src/draw/lv_image_decoder.c
      Source file:   src/font/lv_font_montserrat_42.c
      Source file:   src/font/lv_font_montserrat_28.c
      Source file:   src/font/lv_font_montserrat_48.c
      Source file:   src/font/lv_font_unscii_8.c
      Source file:   src/font/lv_font_montserrat_30.c
      Source file:   src/font/lv_font_montserrat_32.c
      Source file:   src/font/lv_font_montserrat_40.c
      Source file:   src/font/lv_font_montserrat_14.c
      Source file:   src/font/lv_binfont_loader.c
      Source file:   src/font/lv_font_montserrat_16.c
      Source file:   src/font/lv_font.c
      Source file:   src/font/lv_font_montserrat_18.c
      Source file:   src/font/lv_font_montserrat_20.c
      Source file:   src/font/lv_font_montserrat_10.c
      Source file:   src/font/lv_font_montserrat_24.c
      Source file:   src/font/lv_font_montserrat_36.c
      Source file:   src/font/lv_font_montserrat_44.c
      Source file:   src/font/lv_font_montserrat_8.c
      Source file:   src/font/lv_font_simsun_16_cjk.c
      Source file:   src/font/lv_font_fmt_txt.c
      Source file:   src/font/lv_font_dejavu_16_persian_hebrew.c
      Source file:   src/font/lv_font_montserrat_12.c
      Source file:   src/font/lv_font_montserrat_34.c
      Source file:   src/font/lv_font_montserrat_38.c
      Source file:   src/font/lv_font_simsun_14_cjk.c
      Source file:   src/font/lv_font_unscii_16.c
      Source file:   src/indev/lv_indev.c
      Source file:   src/font/lv_font_montserrat_28_compressed.c
      Source file:   src/font/lv_font_montserrat_26.c
      Source file:   src/font/lv_font_montserrat_22.c
      Source file:   src/font/lv_font_montserrat_46.c
      Source file:   src/misc/lv_style.c
      Source file:   src/misc/cache/lv_cache.c
      Source file:   src/layouts/lv_layout.c
      Source file:   src/misc/lv_async.c
      Source file:   src/misc/cache/lv_cache_entry.c
      Source file:   src/layouts/grid/lv_grid.c
      Source file:   src/misc/lv_area.c
      Source file:   src/misc/lv_bidi.c
      Source file:   src/misc/lv_lru.c
      Source file:   src/misc/lv_math.c
      Source file:   src/misc/lv_color.c
      Source file:   src/misc/lv_rb.c
      Source file:   src/misc/cache/lv_image_cache.c
      Source file:   src/misc/lv_event.c
      Source file:   src/misc/lv_anim.c
      Source file:   src/misc/lv_anim_timeline.c
      Source file:   src/misc/lv_text_ap.c
      Source file:   src/misc/lv_color_op.c
      Source file:   src/misc/lv_style_gen.c
      Source file:   src/misc/cache/_lv_cache_lru_rb.c
      Source file:   src/misc/lv_fs.c
      Source file:   src/misc/lv_templ.c
      Source file:   src/misc/lv_ll.c
      Source file:   src/layouts/flex/lv_flex.c
      Source file:   src/misc/lv_palette.c
      Source file:   src/indev/lv_indev_scroll.c
      Source file:   src/misc/lv_profiler_builtin.c
      Source file:   src/misc/lv_array.c
      Source file:   src/misc/lv_text.c
      Source file:   src/misc/lv_timer.c
      Source file:   src/misc/lv_utils.c
      Source file:   src/misc/lv_log.c
      Source file:   src/stdlib/rtthread/lv_string_rtthread.c
      Source file:   src/widgets/image/lv_image.c
      Source file:   src/widgets/chart/lv_chart.c
      Source file:   src/widgets/dropdown/lv_dropdown.c
      Source file:   src/stdlib/builtin/lv_mem_core_builtin.c
      Source file:   src/stdlib/builtin/lv_sprintf_builtin.c
      Source file:   src/stdlib/builtin/lv_tlsf.c
      Source file:   src/stdlib/clib/lv_sprintf_clib.c
      Source file:   src/stdlib/rtthread/lv_sprintf_rtthread.c
      Source file:   src/themes/default/lv_theme_default.c
      Source file:   src/misc/cache/lv_image_header_cache.c
      Source file:   src/stdlib/rtthread/lv_mem_core_rtthread.c
      Source file:   src/tick/lv_tick.c
      Source file:   src/widgets/animimage/lv_animimage.c
      Source file:   src/widgets/arc/lv_arc.c
      Source file:   src/widgets/button/lv_button.c
      Source file:   src/widgets/buttonmatrix/lv_buttonmatrix.c
      Source file:   src/themes/lv_theme.c
      Source file:   src/widgets/calendar/lv_calendar_chinese.c
      Source file:   src/widgets/calendar/lv_calendar_header_arrow.c
      Source file:   src/stdlib/lv_mem.c
      Source file:   src/stdlib/clib/lv_mem_core_clib.c
      Source file:   src/stdlib/clib/lv_string_clib.c
      Source file:   src/themes/mono/lv_theme_mono.c
      Source file:   src/themes/simple/lv_theme_simple.c
      Source file:   src/widgets/calendar/lv_calendar.c
      Source file:   src/widgets/calendar/lv_calendar_header_dropdown.c
      Source file:   src/widgets/canvas/lv_canvas.c
      Source file:   src/stdlib/builtin/lv_string_builtin.c
      Source file:   src/widgets/checkbox/lv_checkbox.c
      Source file:   src/widgets/bar/lv_bar.c
      Source file:   src/stdlib/micropython/lv_mem_core_micropython.c
      Source file:   src/others/sysmon/lv_sysmon.c
      Source file:   src/osal/lv_os_none.c
      Source file:   src/libs/fsdrv/lv_fs_cbfs.c
      Source file:   lv_cmsis_pack.c
      Include file:  lvgl.h
      Source file:   src/others/vg_lite_tvg/vg_lite_matrix.c
      Source file:   demos/lv_demos.c
      Source file:   src/widgets/label/lv_label.c
      Source file:   src/widgets/slider/lv_slider.c
      Source file:   src/widgets/menu/lv_menu.c
      Source file:   src/widgets/table/lv_table.c
      Source file:   src/widgets/textarea/lv_textarea.c
      Source file:   src/widgets/tileview/lv_tileview.c
      Source file:   src/widgets/roller/lv_roller.c
      Source file:   src/widgets/scale/lv_scale.c
      Source file:   src/widgets/span/lv_span.c
      Source file:   src/others/vg_lite_tvg/vg_lite_tvg.cpp
      Source file:   src/widgets/switch/lv_switch.c
      Source file:   src/widgets/objx_templ/lv_objx_templ.c
      Source file:   src/widgets/line/lv_line.c
      Source file:   src/others/observer/lv_observer.c
      Source file:   src/widgets/led/lv_led.c
      Source file:   src/widgets/imagebutton/lv_imagebutton.c
      Source file:   src/widgets/list/lv_list.c
      Source file:   src/widgets/tabview/lv_tabview.c
      Source file:   src/widgets/win/lv_win.c
      Source file:   src/widgets/keyboard/lv_keyboard.c
      Source file:   src/libs/bin_decoder/lv_bin_decoder.c
      Source file:   src/widgets/spinbox/lv_spinbox.c
      Source file:   src/widgets/spinner/lv_spinner.c
      Source file:   src/widgets/msgbox/lv_msgbox.c
      Include file:  examples/porting/lv_port_fs_template.h
      Source file:   examples/porting/lv_port_fs_template.c
      Source file:   examples/porting/lv_port_disp_template.c
      Include file:  examples/porting/lv_port_disp_template.h
      Source file:   examples/porting/lv_port_indev_template.c
      Include file:  examples/porting/lv_port_indev_template.h

   * Component: LVGL.LVGL9::LVGL:Porting:Display:Generic:9.1.0
      Include file:  examples/porting/lv_port_disp_template.h
      Source file:   examples/porting/lv_port_disp_template.c

   * Component: LVGL.LVGL9::LVGL:Porting:File System:Generic:9.1.0
      Source file:   examples/porting/lv_port_fs_template.c
      Include file:  examples/porting/lv_port_fs_template.h
Build Time Elapsed:  00:00:05
</pre>
</body>
</html>
